........E..F.......ssss.......................
======================================================================
ERROR: test_health_check (tests_ndaversis.test_ndaversis.TestNdaversis.test_health_check)
Test the health check functionality.
----------------------------------------------------------------------
Traceback (most recent call last):
  File "/opt/homebrew/Cellar/python@3.12/3.12.10/Frameworks/Python.framework/Versions/3.12/lib/python3.12/unittest/mock.py", line 1396, in patched
    return func(*newargs, **newkeywargs)
           ^^^^^^^^^^^^^^^^^^^^^^^^^^^^^
  File "/Users/admin/ndaversis/ndaversis/tests_ndaversis/test_ndaversis.py", line 155, in test_health_check
    self.app.health_check()
    ^^^^^^^^^^^^^^^^^^^^^
AttributeError: 'Ndaversis' object has no attribute 'health_check'

======================================================================
FAIL: test_readme_sections_and_diagrams (tests_ndaversis.test_ndaversis.TestNdaversis.test_readme_sections_and_diagrams)
Test that all required sections and Mermaid diagrams are present.
----------------------------------------------------------------------
Traceback (most recent call last):
  File "/Users/admin/ndaversis/ndaversis/tests_ndaversis/test_ndaversis.py", line 307, in test_readme_sections_and_diagrams
    self.assertIn("Mandatory (Required for correct work)", content)
AssertionError: 'Mandatory (Required for correct work)' not found in '# 1. NDAVERSIS: Agentic Semantic Version Info System\n\n**Current Version:** `0.0.66`\n\n## 2. Description Summary\n\n<!-- AUTO-DESCRIPTION-START -->\n**Test Readme** is designed with a simple goal: to let you **\'set and forget\'** your documentation and versioning. It automatically generates and maintains an accurate README.md and manages semantic versioning directly within your code, ensuring your project info is always up-to-date even as you change the code. Whether you have an internet connection or not, it works locally to keep your repository professional and informative with zero manual effort.\n<!-- AUTO-DESCRIPTION-END -->\n\n<!-- AUTO-SUMMARY-START -->\n\n\n----- \n*This summary is auto-generated and reflects the state of the repository at the time of the last version update.*\n\n### Repository Metrics\n\n| Metric | Value |\n| :--- | :--- |\n| Total Lines | 5579 |\n| Code Lines | 4324 |\n| Comment Lines | 399 |\n| Blank Lines | 856 |\n| Tabs | 0 |\n| Strings | 2507 |\n\n\n### Language Breakdown\n\n| Extension | Count |\n| :--- | :--- |\n| .md | 4 |\n| .py | 4 |\n| no extension | 4 |\n| .json | 3 |\n| .txt | 3 |\n| .yml | 1 |\n| .example | 1 |\n\n\n### File Statistics\n- **Total Files:** 20\n- **Python Files:** 4\n- **Repository Size:** 318.99 KB\n----- \n\n<!-- AUTO-SUMMARY-END -->\n\n## 3. Use Cases\n\n*   **Automated Release Cycles**: Integrate version bumping into CI/CD pipelines for touchless releases.\n*   **Dynamic Documentation Sync**: Ensure the repository\'s \'front window\' (README) always matches the latest architectural changes.\n*   **Offline Repository Health**: Audit codebase metrics and structure without needing external tool connectivity.\n*   **Standardized Semantic Versioning**: Enforce consistent versioning across monolithic or microservice projects automatically.\n\n## 4. User Stories\n\n*   **DevOps Engineer**: As a DevOps engineer, I want documentation to refresh on every commit, so that the team always sees the current state without manual edits.\n*   **Open Source Maintainer**: As a maintainer, I want semantic versioning to be calculated from code changes, so that I can avoid human error during release tags.\n*   **Full-Stack Developer**: As a developer, I want a visual map of my project structure, so that I can quickly onboard new contributors or navigate complex repos.\n*   **Project Lead**: As a lead, I want to track code metrics like comments vs code ratios, so that I can maintain high quality and documentation standards.\n\n## 5. FAQ\n\n*   **Q: Will this work without an internet connection?**\n    **A:** Yes, the core analysis and documentation logic works entirely offline.\n*   **Q: Does it actually update my code\'s version?**\n    **A:** Absolutely. It scans and updates your version strings automatically based on your changes.\n*   **Q: Is it really \'set and forget\'?**\n    **A:** That\'s the goal. Integrate it once (e.g., via pre-commit hook), and let it handle the rest.\n\n## 6. How To\n\n### 🚀 Quick Patch Update\nTo quickly update your project\'s version and README after a minor change:\n```bash\npython ndaversis.py cli --patch\n```\n\n### 🎨 Using the Graphical Interface\nIf you prefer a visual tool, simply run the script without arguments:\n```bash\npython ndaversis.py\n```\n\n### 🔗 Git Pre-Commit Integration\nFor a true \'set and forget\' experience, integrate it into your Git workflow. This ensures the README and version are updated every time you commit:\n```bash\npython ndaversis.py install-hook\n```\n\n### 🔍 Detailed Repository Audit\nTo see a full analysis of your code metrics and project structure without updating anything:\n```bash\npython ndaversis.py audit\n```\n\n### 📦 Install\n#### 1. Clone and Prepare Environment\n```bash\ngit clone https://github.com/lystwork/ndaversis.git\ncd ndaversis\ncp .env.example .env   # see below for what to fill\n```\n\n#### 2. Configure Variables\nSubstitute your own API key (at least one required). Example:\n```json\n{\n  "GEMINI_API_KEY": "your-key-here",\n  "OPENAI_API_KEY": "your-key-here"\n}\n```\n\n#### 3. Launch Entire Infrastructure\n```bash\npython ndaversis.py\n```\n\nThe ndaversis starts polling and is ready with any free port.\nWeb available at http://localhost:8080\n\n### ✅ How to Verify\nAfter installation, verify everything is working:\n```bash\n# Check health and configuration\npython ndaversis.py health\n\n# Run a full audit to test analysis\npython ndaversis.py audit\n\n# Test GUI functionality\npython ndaversis.py\n```\n\n### 🧪 How to Test\nRun the test suite to verify functionality:\n```bash\n# Run all tests\npython -m pytest tests_ndaversis/ -v\n\n# Run specific test file\npython -m pytest tests_ndaversis/test_ndaversis.py -v\n\n# Run with coverage\npython -m pytest tests_ndaversis/ --cov=. --cov-report=html\n```\n\n## 7. Features\n\n*   **Set-and-Forget Automation**: Automatically keeps your project documentation and versioning in sync with your code, saving you manual effort on every update.\n*   **My Func**: doc\n\n## 8. Requirements\n\n### Languages & Environments\n\n**Python Version**: 3.8 or higher required\n\n```mermaid\npie title Language Distribution\n    ".py" : 1\n    ".md" : 1\n```\n\n### Built-in Standard Library (Included with Python)\n```mermaid\ngraph LR\n    Python --> os & sys\n\n%% Dark mode styling\nclassDef pythonNode fill:#3776ab,stroke:#4b8bbe,stroke-width:2px,color:#fff\nclass Python pythonNode\nclass os pythonNode\nclass sys pythonNode\n```\n\nThe following modules are part of Python\'s standard library and **do not** require external installation:\n\n`os`, `sys`\n\n### External Libraries\n\n#### Optional - AI Providers (Could be used without)\n> [!NOTE]\n> The system works in **local on-prem mode** without any AI dependencies. AI providers enhance documentation with intelligent summaries but are not required for core functionality.\n\n*   `openai` - For AI-powered documentation insights\n\n#### Other Dependencies\n*   `PyQt6` - Technical dependency\n*   `requests` - Technical dependency\n\n### Services & APIs (Optional)\n*   **Vertex AI / Google Gemini**: For AI-powered documentation (Recommended).\n*   **OpenAI / Anthropic / DeepSeek**: Supported providers for advanced synthesis.\n*   **Local/On-Prem**: Works entirely offline for core analysis and versioning.\n\n\n## 9. Install\n\nSetting up **NDAVERSIS** is straightforward. You can use it in a fresh environment or join it with an existing project.\n\n### Step 1: Install Python\nEnsure you have Python 3.8 or newer. Download it from [python.org](https://www.python.org/downloads/).\n\n### Step 2: Clone & Setup\nClone this repository and install the framework dependencies:\n```bash\npip install -r ndaversis_requirements.txt\n```\n\n### Step 3: Join with Your Project 🚀\nTo use Ndaversis with your own code, follow these steps:\n1.  **Copy**: Copy `ndaversis.py` and `ndaversis_requirements.txt` into your project\'s root folder.\n2.  **Initialize**: Run `python ndaversis.py` once to create the initial state.\n3.  **Integrate**: (Optional) Run `python ndaversis.py install-hook` to automate everything via Git.\n\n### Step 4: (Optional) Set up AI API Keys 🔑\nTo unlock automated summaries and stories, you can add API keys to `config.json`. Here is how:\n\n*   **Google Gemini (Recommended)**: Go to [Google AI Studio](https://aistudio.google.com/), click \'Get API Key\'. It usually has a generous FREE tier for individual developers.\n*   **OpenAI (ChatGPT)**: Go to the [OpenAI Platform](https://platform.openai.com/api-keys) to create a key. This is a paid service (pay-as-you-go).\n*   **Anthropic (Claude)**: Visit the [Anthropic Console](https://console.anthropic.com/) to get your key.\n\n**How to use them**: Open `config.json` in this folder and paste your keys like this:\n```json\n{\n  "GEMINI_API_KEY": "your-key-here",\n  "OPENAI_API_KEY": "your-key-here"\n}\n```\nIf you leave them blank, the tool will still work perfectly using its built-in \'smart\' logic!\n\n### Step 5: Run\nStart the GUI or CLI to maintain your project:\n```bash\npython ndaversis.py\n```\n\n## 11. Modules Map\n\n*   **ndaversis.py**: main module\n\n\n### Module Structure Diagram\n\n```mermaid\nclassDiagram\n    class MyClass {\n        +my_method()\n    }\n```\n\n## 12. Dependencies Map\n\n### Custom/External Frameworks\n\n*   **PyQt6** (pip): Specialized library that supports the system\'s core automation logic.\n*   **openai** (pip): Standard interface for integrating ChatGPT and other OpenAI language models.\n*   **requests** (pip): Simplifies sending HTTP requests to interact with external APIs.\n\n### Python Standard Library (Built-in)\n\nThese modules are built into Python (no installation required):\n\n`os`, `sys`\n\n\n### Library Dependency Diagram\n\n```mermaid\ngraph TD\n    Project --> lang_PY["PY Overview (1 files)"]\n    lang_PY --> dep_PyQt6["PyQt6"]\n    lang_PY --> dep_openai["openai"]\n    lang_PY --> dep_os["os"]\n    lang_PY --> dep_requests["requests"]\n    lang_PY --> dep_sys["sys"]\n    Project --> lang_MD["MD Overview (1 files)"]\n\n%% Dark mode styling\nclassDef projectNode fill:#1a1a2e,stroke:#eee,stroke-width:3px,color:#fff\nclassDef langNode fill:#0f3460,stroke:#4fbdba,stroke-width:2px,color:#fff\nclassDef depNode fill:#16213e,stroke:#e0913f,stroke-width:2px,color:#fff\nclassDef stdLibNode fill:#2d033b,stroke:#4caf50,stroke-width:2px,color:#fff\n\nclass Project projectNode\nclass lang_PY langNode\nclass dep_PyQt6 depNode\nclass dep_openai depNode\nclass dep_os depNode\nclass dep_requests depNode\nclass dep_sys depNode\nclass lang_MD langNode\n```\n## 10. Project Map\n\n```\n./.dockerignore\n./.env.example\n./.gitignore\n./Dockerfile\n./LICENSE_ndaversis\n./config.json\n./docker-compose.yml\n./ndaversis.py\n./ndaversis_logs.py\n./ndaversis_metrics.json\n./ndaversis_privacy_policy.md\n./ndaversis_readme.md\n./ndaversis_requirements.txt\n./ndaversis_version_history.py\n./readme.md\n./task.txt\n./test_config.json\n./test_ndaversis.py\n./test_ndaversis_readme.md\n./test_output.txt\n```\n\n### Project Structure Diagram\n\n```mermaid\ngraph TD\n    Root[./]\n    Root --> node_dockerignore["dockerignore"]\n    Root --> node_env_example["env.example"]\n    Root --> node_gitignore["gitignore"]\n    Root --> node_Dockerfile["Dockerfile"]\n    Root --> node_LICENSE_ndaversis["LICENSE_ndaversis"]\n    Root --> node_config_json["config.json"]\n    Root --> node_docker-compose_yml["docker-compose.yml"]\n    Root --> node_ndaversis_py["ndaversis.py"]\n    Root --> node_ndaversis_logs_py["ndaversis_logs.py"]\n    Root --> node_ndaversis_metrics_json["ndaversis_metrics.json"]\n    Root --> node_ndaversis_privacy_policy_md["ndaversis_privacy_policy.md"]\n    Root --> node_ndaversis_readme_md["ndaversis_readme.md"]\n    Root --> node_ndaversis_requirements_txt["ndaversis_requirements.txt"]\n    Root --> node_ndaversis_version_history_py["ndaversis_version_history.py"]\n    Root --> node_readme_md["readme.md"]\n    Root --> node_task_txt["task.txt"]\n    Root --> node_test_config_json["test_config.json"]\n    Root --> node_test_ndaversis_py["test_ndaversis.py"]\n    Root --> node_test_ndaversis_readme_md["test_ndaversis_readme.md"]\n    Root --> node_test_output_txt["test_output.txt"]\n\n%% Dark mode styling\nclassDef rootNode fill:#1a1a2e,stroke:#eee,stroke-width:2px,color:#fff\nclassDef fileNode fill:#16213e,stroke:#ddd,stroke-width:1px,color:#fff\nclassDef pythonFile fill:#0f3460,stroke:#4fbdba,stroke-width:2px,color:#fff\nclassDef configFile fill:#2d033b,stroke:#e0913f,stroke-width:2px,color:#fff\nclassDef docFile fill:#1e5128,stroke:#4caf50,stroke-width:2px,color:#fff\n\n%% Apply styles\nclass Root rootNode\nclass node_dockerignore fileNode\nclass node_env_example fileNode\nclass node_gitignore fileNode\nclass node_Dockerfile fileNode\nclass node_LICENSE_ndaversis fileNode\nclass node_config_json configFile\nclass node_docker-compose_yml configFile\nclass node_ndaversis_py pythonFile\nclass node_ndaversis_logs_py pythonFile\nclass node_ndaversis_metrics_json configFile\nclass node_ndaversis_privacy_policy_md docFile\nclass node_ndaversis_readme_md docFile\nclass node_ndaversis_requirements_txt docFile\nclass node_ndaversis_version_history_py pythonFile\nclass node_readme_md docFile\nclass node_task_txt docFile\nclass node_test_config_json configFile\nclass node_test_ndaversis_py pythonFile\nclass node_test_ndaversis_readme_md docFile\nclass node_test_output_txt docFile\n```\n\n## 13. Last Version Summary\n\nThe last version is `0.1.0`. Detailed change log and metrics:\nModified file: ndaversis.py\n\n**Practical Impact**: Significant improvement to project maintainability and documentation sync.\n\n## 14. Version History\n## Version 0.1.0\n### Goals\nThe main goals were to refine existing features for better performance and reliability.\n\n### What Changed\nModified file: ndaversis.py\n\n### What\'s Good for the User\n### 💎 What\'s New?\nExpanded project scope by adding 20 new files, including .dockerignore.\n\n### 🚀 Why Upgrade?\nThis update introduces significant new components that improve the overall feature set of the repository.\n\n\n### What\'s Possibly Next\nMoving forward, you might want to add support for more configuration formats (YAML, TOML), implement automated benchmarking for core logic, improve robustness by adding a dedicated test suite.\n\n\n\n## 15. Contacts\n\n*   **Email:** n@ndaotec.com\n*   **Repository:** https://github.com/lystwork/ndaversis\n\n## 16. Privacy & Terms\n\n*   **Privacy Policy:** [ndaversis_privacy_policy.md](ndaversis_privacy_policy.md)\n\n## 17. Investor Relations\n\n> [!IMPORTANT]\n> **If you want to be my investor in my new AI-based project - link to [ndaotec.com](http://ndaotec.com)**\n\n## 18. Copyright\n\nndaotec.com. @ All rights reserved - Nikita Andreevich Drozdov. All rights belong to their respective owners.\n'

----------------------------------------------------------------------
Ran 46 tests in 3.322s

FAILED (failures=1, errors=1, skipped=4)
GEMINI_API_KEY environment variable not found. AI service disabled.
GEMINI_API_KEY environment variable not found. AI service disabled.
No version flag provided. AI suggested bump: minor
README updated: test_ndaversis_readme.md
Version updated to 0.2.0
GEMINI_API_KEY environment variable not found. AI service disabled.
GEMINI_API_KEY environment variable not found. AI service disabled.
GEMINI_API_KEY environment variable not found. AI service disabled.
GEMINI_API_KEY environment variable not found. AI service disabled.
GEMINI_API_KEY environment variable not found. AI service disabled.
GEMINI_API_KEY environment variable not found. AI service disabled.
GEMINI_API_KEY environment variable not found. AI service disabled.
GEMINI_API_KEY environment variable not found. AI service disabled.
GEMINI_API_KEY environment variable not found. AI service disabled.
GEMINI_API_KEY environment variable not found. AI service disabled.
GEMINI_API_KEY environment variable not found. AI service disabled.
README updated: test_ndaversis_readme.md
Version updated to 0.1.1
GEMINI_API_KEY environment variable not found. AI service disabled.
GEMINI_API_KEY environment variable not found. AI service disabled.
GEMINI_API_KEY environment variable not found. AI service disabled.
GEMINI_API_KEY environment variable not found. AI service disabled.
GEMINI_API_KEY environment variable not found. AI service disabled.
GEMINI_API_KEY environment variable not found. AI service disabled.
All AI providers failed. Using offline mode.
All AI providers failed. Using offline mode.
All AI providers failed. Using offline mode.
All AI providers failed. Using offline mode.
All AI providers failed. Using offline mode.
All AI providers failed. Using offline mode.
All AI providers failed. Using offline mode.
Calculating repository metrics...
All AI providers failed. Using offline mode.
All AI providers failed. Using offline mode.
All AI providers failed. Using offline mode.
All AI providers failed. Using offline mode.
All AI providers failed. Using offline mode.
All AI providers failed. Using offline mode.
All AI providers failed. Using offline mode.
All AI providers failed. Using offline mode.
All AI providers failed. Using offline mode.
All AI providers failed. Using offline mode.
All AI providers failed. Using offline mode.
All AI providers failed. Using offline mode.
All AI providers failed. Using offline mode.
All AI providers failed. Using offline mode.
All AI providers failed. Using offline mode.
All AI providers failed. Using offline mode.
All AI providers failed. Using offline mode.
Calculating repository metrics...
All AI providers failed. Using offline mode.
All AI providers failed. Using offline mode.
All AI providers failed. Using offline mode.
All AI providers failed. Using offline mode.
All AI providers failed. Using offline mode.
All AI providers failed. Using offline mode.
All AI providers failed. Using offline mode.
All AI providers failed. Using offline mode.
All AI providers failed. Using offline mode.
All AI providers failed. Using offline mode.
All AI providers failed. Using offline mode.
All AI providers failed. Using offline mode.
All AI providers failed. Using offline mode.
All AI providers failed. Using offline mode.
All AI providers failed. Using offline mode.
All AI providers failed. Using offline mode.
Using cached metrics...
Calculating repository metrics...
All AI providers failed. Using offline mode.
All AI providers failed. Using offline mode.
All AI providers failed. Using offline mode.
All AI providers failed. Using offline mode.
All AI providers failed. Using offline mode.
All AI providers failed. Using offline mode.
All AI providers failed. Using offline mode.
All AI providers failed. Using offline mode.
All AI providers failed. Using offline mode.
All AI providers failed. Using offline mode.
All AI providers failed. Using offline mode.
All AI providers failed. Using offline mode.
All AI providers failed. Using offline mode.
All AI providers failed. Using offline mode.
All AI providers failed. Using offline mode.
All AI providers failed. Using offline mode.
Calculating repository metrics...
All AI providers failed. Using offline mode.
All AI providers failed. Using offline mode.
All AI providers failed. Using offline mode.
All AI providers failed. Using offline mode.
All AI providers failed. Using offline mode.
All AI providers failed. Using offline mode.
All AI providers failed. Using offline mode.
All AI providers failed. Using offline mode.
All AI providers failed. Using offline mode.
All AI providers failed. Using offline mode.
All AI providers failed. Using offline mode.
All AI providers failed. Using offline mode.
All AI providers failed. Using offline mode.
All AI providers failed. Using offline mode.
All AI providers failed. Using offline mode.
All AI providers failed. Using offline mode.
Calculating repository metrics...
All AI providers failed. Using offline mode.
All AI providers failed. Using offline mode.
All AI providers failed. Using offline mode.
All AI providers failed. Using offline mode.
All AI providers failed. Using offline mode.
All AI providers failed. Using offline mode.
All AI providers failed. Using offline mode.
All AI providers failed. Using offline mode.
All AI providers failed. Using offline mode.
All AI providers failed. Using offline mode.
All AI providers failed. Using offline mode.
All AI providers failed. Using offline mode.
All AI providers failed. Using offline mode.
All AI providers failed. Using offline mode.
All AI providers failed. Using offline mode.
All AI providers failed. Using offline mode.
All AI providers failed. Using offline mode.
All AI providers failed. Using offline mode.
All AI providers failed. Using offline mode.
All AI providers failed. Using offline mode.
All AI providers failed. Using offline mode.
All AI providers failed. Using offline mode.
All AI providers failed. Using offline mode.
All AI providers failed. Using offline mode.
